node.exe : [0m[7m[1m[31m FAIL 
[39m[22m[27m[0m [2mtests/server/se
rvices/[22m[1mcrm-service.test.ts[22
m
At line:1 char:1
+ & "C:\Program Files\nodejs/node.exe" 
"C:\Program Files\nodejs/node_mo ...
+ ~~~~~~~~~~~~~~~~~~~~~~~~~~~~~~~~~~~~~
~~~~~~~~~~~~~~~~~~~~~~~~~~~~~~~~
    + CategoryInfo          : 
NotSpecifie    d: 
([0m[7m[1m[3...ce.test.ts[22m    
:String) [], RemoteException
    + FullyQualifiedErrorId : 
NativeComma    ndError
 
  [1mΓùÅ [22mTest suite failed to run

      [31mx[0m Expression expected
         
,-[[36;1;4mC:\Users\marte\Baked for Br
ands\bakedbot-for-brands\src\server\ser
vices\crm-service.ts[0m:555:1]
     [2m552[0m |         authorId,
     [2m553[0m |         createdAt: 
new Date(),
     [2m554[0m |     });
     [2m555[0m | }
         : [35;1m^[0m
     [2m556[0m | 
     [2m557[0m | /**
     [2m557[0m |  * Delete a CRM 
entity (Brand or Dispensary)
         `----


    Caused by:
        Syntax Error

    [0m [90m  6 |[39m     
getAdminFirestore[33m:[39m 
jest[33m.[39mfn()
     [90m  7 |[39m }))[33m;[39m
    [31m[1m>[22m[39m[90m  8 |[39m
     [90m    |[39m 
[31m[1m^[22m[39m
     [90m  9 |[39m 
describe([32m'CRM 
Service'[39m[33m,[39m () 
[33m=>[39m {
     [90m 10 |[39m     [36mlet[39m 
mockFirestore[33m:[39m any[33m;[39m
     [90m 11 |[39m     [36mlet[39m 
mockCollection[33m:[39m 
any[33m;[39m[0m

      [2mat Object.transformSync ([22
mnode_modules/next/src/build/swc/index.
ts[2m:1444:25)[22m
      [2mat transformSync ([22mnode_m
odules/next/src/build/swc/index.ts[2m:
1575:19)[22m
      [2mat Object.process ([22mnode_
modules/next/src/build/swc/jest-transfo
rmer.ts[2m:105:25)[22m
      [2mat 
ScriptTransformer.transformSource ([22
mnode_modules/@jest/transform/build/Scr
iptTransformer.js[2m:545:31)[22m
      [2mat ScriptTransformer._transfo
rmAndBuildScript ([22mnode_modules/@je
st/transform/build/ScriptTransformer.js
[2m:674:40)[22m
      [2mat 
ScriptTransformer.transform ([22mnode_
modules/@jest/transform/build/ScriptTra
nsformer.js[2m:726:19)[22m
      [2mat Object.<anonymous> ([22m
[0m[36mtests/server/services/crm-servi
ce.test.ts[39m[0m[2m:8:21)[22m

[1mTest Suites: [22m[1m[31m1 
failed[39m[22m, 1 total
[1mTests:       [22m0 total
[1mSnapshots:   [22m0 total
[1mTime:[22m        2.875 s
[2mRan all test suites[22m[2m 
matching [22m/tests\\server\\services\
\crm-service.test.ts/i[2m.[22m
